Archive member included to satisfy reference by file (symbol)

c:/program files (x86)/atmel/studio/7.0/toolchain/avr8/avr8-gnu-toolchain/bin/../lib/gcc/avr/5.4.0/../../../../avr/lib/avr6\libm.a(addsf3.o)
                              lib/bitmanipulator.o (__addsf3)
c:/program files (x86)/atmel/studio/7.0/toolchain/avr8/avr8-gnu-toolchain/bin/../lib/gcc/avr/5.4.0/../../../../avr/lib/avr6\libm.a(addsf3x.o)
                              c:/program files (x86)/atmel/studio/7.0/toolchain/avr8/avr8-gnu-toolchain/bin/../lib/gcc/avr/5.4.0/../../../../avr/lib/avr6\libm.a(addsf3.o) (__addsf3x)
c:/program files (x86)/atmel/studio/7.0/toolchain/avr8/avr8-gnu-toolchain/bin/../lib/gcc/avr/5.4.0/../../../../avr/lib/avr6\libm.a(fixsfsi.o)
                              lib/bitmanipulator.o (__fixsfsi)
c:/program files (x86)/atmel/studio/7.0/toolchain/avr8/avr8-gnu-toolchain/bin/../lib/gcc/avr/5.4.0/../../../../avr/lib/avr6\libm.a(fixunssfsi.o)
                              c:/program files (x86)/atmel/studio/7.0/toolchain/avr8/avr8-gnu-toolchain/bin/../lib/gcc/avr/5.4.0/../../../../avr/lib/avr6\libm.a(fixsfsi.o) (__fixunssfsi)
c:/program files (x86)/atmel/studio/7.0/toolchain/avr8/avr8-gnu-toolchain/bin/../lib/gcc/avr/5.4.0/../../../../avr/lib/avr6\libm.a(floatsisf.o)
                              lib/bitmanipulator.o (__floatsisf)
c:/program files (x86)/atmel/studio/7.0/toolchain/avr8/avr8-gnu-toolchain/bin/../lib/gcc/avr/5.4.0/../../../../avr/lib/avr6\libm.a(fp_inf.o)
                              c:/program files (x86)/atmel/studio/7.0/toolchain/avr8/avr8-gnu-toolchain/bin/../lib/gcc/avr/5.4.0/../../../../avr/lib/avr6\libm.a(addsf3x.o) (__fp_inf)
c:/program files (x86)/atmel/studio/7.0/toolchain/avr8/avr8-gnu-toolchain/bin/../lib/gcc/avr/5.4.0/../../../../avr/lib/avr6\libm.a(fp_nan.o)
                              c:/program files (x86)/atmel/studio/7.0/toolchain/avr8/avr8-gnu-toolchain/bin/../lib/gcc/avr/5.4.0/../../../../avr/lib/avr6\libm.a(addsf3x.o) (__fp_nan)
c:/program files (x86)/atmel/studio/7.0/toolchain/avr8/avr8-gnu-toolchain/bin/../lib/gcc/avr/5.4.0/../../../../avr/lib/avr6\libm.a(fp_pscA.o)
                              c:/program files (x86)/atmel/studio/7.0/toolchain/avr8/avr8-gnu-toolchain/bin/../lib/gcc/avr/5.4.0/../../../../avr/lib/avr6\libm.a(addsf3x.o) (__fp_pscA)
c:/program files (x86)/atmel/studio/7.0/toolchain/avr8/avr8-gnu-toolchain/bin/../lib/gcc/avr/5.4.0/../../../../avr/lib/avr6\libm.a(fp_pscB.o)
                              c:/program files (x86)/atmel/studio/7.0/toolchain/avr8/avr8-gnu-toolchain/bin/../lib/gcc/avr/5.4.0/../../../../avr/lib/avr6\libm.a(addsf3x.o) (__fp_pscB)
c:/program files (x86)/atmel/studio/7.0/toolchain/avr8/avr8-gnu-toolchain/bin/../lib/gcc/avr/5.4.0/../../../../avr/lib/avr6\libm.a(fp_round.o)
                              c:/program files (x86)/atmel/studio/7.0/toolchain/avr8/avr8-gnu-toolchain/bin/../lib/gcc/avr/5.4.0/../../../../avr/lib/avr6\libm.a(addsf3.o) (__fp_round)
c:/program files (x86)/atmel/studio/7.0/toolchain/avr8/avr8-gnu-toolchain/bin/../lib/gcc/avr/5.4.0/../../../../avr/lib/avr6\libm.a(fp_split3.o)
                              c:/program files (x86)/atmel/studio/7.0/toolchain/avr8/avr8-gnu-toolchain/bin/../lib/gcc/avr/5.4.0/../../../../avr/lib/avr6\libm.a(addsf3x.o) (__fp_split3)
c:/program files (x86)/atmel/studio/7.0/toolchain/avr8/avr8-gnu-toolchain/bin/../lib/gcc/avr/5.4.0/../../../../avr/lib/avr6\libm.a(fp_zero.o)
                              c:/program files (x86)/atmel/studio/7.0/toolchain/avr8/avr8-gnu-toolchain/bin/../lib/gcc/avr/5.4.0/../../../../avr/lib/avr6\libm.a(addsf3x.o) (__fp_zero)
c:/program files (x86)/atmel/studio/7.0/toolchain/avr8/avr8-gnu-toolchain/bin/../lib/gcc/avr/5.4.0/../../../../avr/lib/avr6\libm.a(mulsf3.o)
                              lib/bitmanipulator.o (__mulsf3)
c:/program files (x86)/atmel/studio/7.0/toolchain/avr8/avr8-gnu-toolchain/bin/../lib/gcc/avr/5.4.0/../../../../avr/lib/avr6\libm.a(mulsf3x.o)
                              c:/program files (x86)/atmel/studio/7.0/toolchain/avr8/avr8-gnu-toolchain/bin/../lib/gcc/avr/5.4.0/../../../../avr/lib/avr6\libm.a(mulsf3.o) (__mulsf3x)
c:/program files (x86)/atmel/studio/7.0/toolchain/avr8/avr8-gnu-toolchain/bin/../lib/gcc/avr/5.4.0/../../../../avr/lib/avr6\libm.a(pow.o)
                              lib/bitmanipulator.o (pow)
c:/program files (x86)/atmel/studio/7.0/toolchain/avr8/avr8-gnu-toolchain/bin/../lib/gcc/avr/5.4.0/../../../../avr/lib/avr6\libm.a(exp.o)
                              c:/program files (x86)/atmel/studio/7.0/toolchain/avr8/avr8-gnu-toolchain/bin/../lib/gcc/avr/5.4.0/../../../../avr/lib/avr6\libm.a(pow.o) (exp)
c:/program files (x86)/atmel/studio/7.0/toolchain/avr8/avr8-gnu-toolchain/bin/../lib/gcc/avr/5.4.0/../../../../avr/lib/avr6\libm.a(fp_powser.o)
                              c:/program files (x86)/atmel/studio/7.0/toolchain/avr8/avr8-gnu-toolchain/bin/../lib/gcc/avr/5.4.0/../../../../avr/lib/avr6\libm.a(exp.o) (__fp_powser)
[...]
Memory Configuration

Name             Origin             Length             Attributes
text             0x00000000         0x00100000         xr
data             0x00800200         0x0000fe00         rw !x
eeprom           0x00810000         0x00010000         rw !x
fuse             0x00820000         0x00000003         rw !x
lock             0x00830000         0x00000400         rw !x
signature        0x00840000         0x00000400         rw !x
user_signatures  0x00850000         0x00000400         rw !x
*default*        0x00000000         0xffffffff

Linker script and memory map

Address of section .data set to 0x800200
LOAD C:/Program Files (x86)/Atmel/Studio/7.0/Packs/atmel/ATmega_DFP/1.3.300/gcc/dev/atmega2560/avr6/crtatmega2560.o
LOAD lib/bitmanipulator.o
LOAD lib/ShowMenu.o
LOAD lib/song_progress_timer.o
LOAD main.o
LOAD setup/stdio_setup.o
START GROUP
LOAD c:/program files (x86)/atmel/studio/7.0/toolchain/avr8/avr8-gnu-toolchain/bin/../lib/gcc/avr/5.4.0/../../../../avr/lib/avr6\libm.a
LOAD ../../API/Debug\libAPI.a
LOAD ../../ESP8266/Debug\libESP8266.a
LOAD ../../Infrared/Debug\libInfrared.a
LOAD ../../LCD/Debug\libLCD.a
END GROUP
LOAD c:/program files (x86)/atmel/studio/7.0/toolchain/avr8/avr8-gnu-toolchain/bin/../lib/gcc/avr/5.4.0/../../../../avr/lib/avr6\libprintf_flt.a
LOAD c:/program files (x86)/atmel/studio/7.0/toolchain/avr8/avr8-gnu-toolchain/bin/../lib/gcc/avr/5.4.0/../../../../avr/lib/avr6\libscanf_flt.a
START GROUP
LOAD c:/program files (x86)/atmel/studio/7.0/toolchain/avr8/avr8-gnu-toolchain/bin/../lib/gcc/avr/5.4.0/avr6\libgcc.a
LOAD c:/program files (x86)/atmel/studio/7.0/toolchain/avr8/avr8-gnu-toolchain/bin/../lib/gcc/avr/5.4.0/../../../../avr/lib/avr6\libm.a
LOAD c:/program files (x86)/atmel/studio/7.0/toolchain/avr8/avr8-gnu-toolchain/bin/../lib/gcc/avr/5.4.0/../../../../avr/lib/avr6\libc.a
LOAD C:/Program Files (x86)/Atmel/Studio/7.0/Packs/atmel/ATmega_DFP/1.3.300/gcc/dev/atmega2560/avr6\libatmega2560.a
END GROUP
                0x00000000                __TEXT_REGION_ORIGIN__ = DEFINED (__TEXT_REGION_ORIGIN__)?__TEXT_REGION_ORIGIN__:0x0
                0x00800200                __DATA_REGION_ORIGIN__ = DEFINED (__DATA_REGION_ORIGIN__)?__DATA_REGION_ORIGIN__:0x800200
                0x00100000                __TEXT_REGION_LENGTH__ = DEFINED (__TEXT_REGION_LENGTH__)?__TEXT_REGION_LENGTH__:0x100000
                0x0000fe00                __DATA_REGION_LENGTH__ = DEFINED (__DATA_REGION_LENGTH__)?__DATA_REGION_LENGTH__:0xfe00
                0x00010000                __EEPROM_REGION_LENGTH__ = DEFINED (__EEPROM_REGION_LENGTH__)?__EEPROM_REGION_LENGTH__:0x10000
                [0x00000003]                __FUSE_REGION_LENGTH__ = DEFINED (__FUSE_REGION_LENGTH__)?__FUSE_REGION_LENGTH__:0x400
                0x00000400                __LOCK_REGION_LENGTH__ = DEFINED (__LOCK_REGION_LENGTH__)?__LOCK_REGION_LENGTH__:0x400
                0x00000400                __SIGNATURE_REGION_LENGTH__ = DEFINED (__SIGNATURE_REGION_LENGTH__)?__SIGNATURE_REGION_LENGTH__:0x400
                0x00000400                __USER_SIGNATURE_REGION_LENGTH__ = DEFINED (__USER_SIGNATURE_REGION_LENGTH__)?__USER_SIGNATURE_REGION_LENGTH__:0x400

.hash
 *(.hash)

.dynsym
 *(.dynsym)

.dynstr
 *(.dynstr)

.gnu.version
 *(.gnu.version)

.gnu.version_d
 *(.gnu.version_d)

.gnu.version_r
 *(.gnu.version_r)

.rel.init
 *(.rel.init)

.rela.init
 *(.rela.init)

.rel.text
 *(.rel.text)
 *(.rel.text.*)
 *(.rel.gnu.linkonce.t*)

.rela.text
 *(.rela.text)
 *(.rela.text.*)
 *(.rela.gnu.linkonce.t*)

.rel.fini
 *(.rel.fini)

.rela.fini
 *(.rela.fini)

.rel.rodata
 *(.rel.rodata)
 *(.rel.rodata.*)
 *(.rel.gnu.linkonce.r*)

.rela.rodata
 *(.rela.rodata)
 *(.rela.rodata.*)
 *(.rela.gnu.linkonce.r*)

.rel.data
 *(.rel.data)
 *(.rel.data.*)
 *(.rel.gnu.linkonce.d*)

.rela.data
 *(.rela.data)
 *(.rela.data.*)
 *(.rela.gnu.linkonce.d*)

.rel.ctors
 *(.rel.ctors)

.rela.ctors
 *(.rela.ctors)

.rel.dtors
 *(.rel.dtors)

.rela.dtors
 *(.rela.dtors)

.rel.got
 *(.rel.got)

.rela.got
 *(.rela.got)

.rel.bss
 *(.rel.bss)

.rela.bss
 *(.rela.bss)

.rel.plt
 *(.rel.plt)

.rela.plt
 *(.rela.plt)

.text           0x00000000     0x4e30
 *(.vectors)
 .vectors       0x00000000       0xe4 C:/Program Files (x86)/Atmel/Studio/7.0/Packs/atmel/ATmega_DFP/1.3.300/gcc/dev/atmega2560/avr6/crtatmega2560.o
                0x00000000                __vector_default
                0x00000000                __vectors
 *(.vectors)
 *(.progmem.gcc*)
 .progmem.gcc_sw_table.json_target_address
                0x000000e4       0x1c ../../API/Debug\libAPI.a(mjson.o)
 .progmem.gcc_sw_table.json_internal_read_object
                0x00000100       0x4a ../../API/Debug\libAPI.a(mjson.o)
 .progmem.gcc_sw_table.json_read_array
                0x0000014a       0x1c ../../API/Debug\libAPI.a(mjson.o)
                0x00000166                . = ALIGN (0x2)
                0x00000166                __trampolines_start = .
 *(.trampolines)
 .trampolines   0x00000166        0x0 linker stubs
 *(.trampolines*)
                0x00000166                __trampolines_end = .
 *libprintf_flt.a:*(.progmem.data)
 .progmem.data  0x00000166        0x8 c:/program files (x86)/atmel/studio/7.0/toolchain/avr8/avr8-gnu-toolchain/bin/../lib/gcc/avr/5.4.0/../../../../avr/lib/avr6\libprintf_flt.a(vfprintf_flt.o)
 *libc.a:*(.progmem.data)
 .progmem.data  0x0000016e       0x3b c:/program files (x86)/atmel/studio/7.0/toolchain/avr8/avr8-gnu-toolchain/bin/../lib/gcc/avr/5.4.0/../../../../avr/lib/avr6\libc.a(strtod.o)
 .progmem.data  0x000001a9       0xfa c:/program files (x86)/atmel/studio/7.0/toolchain/avr8/avr8-gnu-toolchain/bin/../lib/gcc/avr/5.4.0/../../../../avr/lib/avr6\libc.a(ftoa_engine.o)
 *(.progmem*)
 .progmem.data  0x000002a3       0x4d c:/program files (x86)/atmel/studio/7.0/toolchain/avr8/avr8-gnu-toolchain/bin/../lib/gcc/avr/5.4.0/../../../../avr/lib/avr6\libscanf_flt.a(vfscanf_flt.o)
                0x000002f0                . = ALIGN (0x2)
 *(.jumptables)
 *(.jumptables*)
 *(.lowtext)
 *(.lowtext*)
                0x000002f0                __ctors_start = .
 *(.ctors)
                0x000002f0                __ctors_end = .
                0x000002f0                __dtors_start = .
 *(.dtors)
                0x000002f0                __dtors_end = .
 SORT(*)(.ctors)
 SORT(*)(.dtors)
 *(.init0)
 .init0         0x000002f0        0x0 C:/Program Files (x86)/Atmel/Studio/7.0/Packs/atmel/ATmega_DFP/1.3.300/gcc/dev/atmega2560/avr6/crtatmega2560.o
                0x000002f0                __init
 *(.init0)
 *(.init1)
 *(.init1)
 *(.init2)
 .init2         0x000002f0       0x10 C:/Program Files (x86)/Atmel/Studio/7.0/Packs/atmel/ATmega_DFP/1.3.300/gcc/dev/atmega2560/avr6/crtatmega2560.o
 *(.init2)
 *(.init3)
 *(.init3)
 *(.init4)
 .init4         0x00000300       0x1a c:/program files (x86)/atmel/studio/7.0/toolchain/avr8/avr8-gnu-toolchain/bin/../lib/gcc/avr/5.4.0/avr6\libgcc.a(_copy_data.o)
                0x00000300                __do_copy_data
 .init4         0x0000031a       0x10 c:/program files (x86)/atmel/studio/7.0/toolchain/avr8/avr8-gnu-toolchain/bin/../lib/gcc/avr/5.4.0/avr6\libgcc.a(_clear_bss.o)
                0x0000031a                __do_clear_bss
 *(.init4)
 *(.init5)
 *(.init5)
 *(.init6)
 *(.init6)
 *(.init7)
 *(.init7)
 *(.init8)
 *(.init8)
 *(.init9)
 .init9         0x0000032a        0x6 C:/Program Files (x86)/Atmel/Studio/7.0/Packs/atmel/ATmega_DFP/1.3.300/gcc/dev/atmega2560/avr6/crtatmega2560.o
 *(.init9)
 *(.text)
 .text          0x00000330        0x2 C:/Program Files (x86)/Atmel/Studio/7.0/Packs/atmel/ATmega_DFP/1.3.300/gcc/dev/atmega2560/avr6/crtatmega2560.o
                0x00000330                __vector_38
                0x00000330                __vector_22
                0x00000330                __vector_28
                0x00000330                __vector_1
                0x00000330                __vector_32
                0x00000330                __vector_34
                0x00000330                __vector_24
                0x00000330                __vector_12
                0x00000330                __vector_55
                0x00000330                __vector_46
                0x00000330                __bad_interrupt
                0x00000330                __vector_6
                0x00000330                __vector_31
                0x00000330                __vector_35
                0x00000330                __vector_39
                0x00000330                __vector_3
                0x00000330                __vector_23
                0x00000330                __vector_30
                0x00000330                __vector_45
                0x00000330                __vector_25
                0x00000330                __vector_11
                0x00000330                __vector_54
                0x00000330                __vector_13
                0x00000330                __vector_19
                0x00000330                __vector_56
                0x00000330                __vector_7
                0x00000330                __vector_49
                0x00000330                __vector_43
                0x00000330                __vector_27
                0x00000330                __vector_5
                0x00000330                __vector_33
                0x00000330                __vector_47
                0x00000330                __vector_52
                0x00000330                __vector_37
                0x00000330                __vector_4
                0x00000330                __vector_44
                0x00000330                __vector_51
                0x00000330                __vector_9
                0x00000330                __vector_2
                0x00000330                __vector_21
                0x00000330                __vector_15
                0x00000330                __vector_29
                0x00000330                __vector_40
                0x00000330                __vector_8
                0x00000330                __vector_26
                0x00000330                __vector_48
                0x00000330                __vector_14
                0x00000330                __vector_53
                0x00000330                __vector_10
                0x00000330                __vector_50
                0x00000330                __vector_16
                0x00000330                __vector_18
                0x00000330                __vector_20
                0x00000330                __vector_42
                0x00000332                . = ALIGN (0x2)
 *(.text.*)
 .text.LCD_SetVolume
                0x00000332       0x28 lib/ShowMenu.o
                0x00000332                LCD_SetVolume
 .text.LCD_SetProgress
                0x0000035a       0x60 lib/ShowMenu.o
                0x0000035a                LCD_SetProgress
 .text.LCD_UpdateSong
                0x000003ba       0x64 lib/ShowMenu.o
                0x000003ba                LCD_UpdateSong
 .text.Init_Progress_Timer
                0x0000041e       0x2a lib/song_progress_timer.o
                0x0000041e                Init_Progress_Timer
 .text.Disable_Progress_Timer
                0x00000448        0xc lib/song_progress_timer.o
                0x00000448                Disable_Progress_Timer
 .text.Enable_Progress_Timer
                0x00000454       0x12 lib/song_progress_timer.o
                0x00000454                Enable_Progress_Timer
 .text.Action   0x00000466       0xb2 main.o
                0x00000466                Action
 .text.main     0x00000518       0x72 main.o
                0x00000518                main
 .text.__vector_17
                0x0000058a       0x88 main.o
                0x0000058a                __vector_17
 .text.UartPutchar
                0x00000612       0x10 setup/stdio_setup.o
                0x00000612                UartPutchar
 .text.UartGetchar
                0x00000622       0x26 setup/stdio_setup.o
                0x00000622                UartGetchar
 .text.UartInit
                0x00000648       0x32 setup/stdio_setup.o
                0x00000648                UartInit
 .text.avr-libc.fplib
                0x0000067a        0xa c:/program files (x86)/atmel/studio/7.0/toolchain/avr8/avr8-gnu-toolchain/bin/../lib/gcc/avr/5.4.0/../../../../avr/lib/avr6\libm.a(addsf3.o)
                0x0000067a                __subsf3
                0x0000067c                __addsf3
 .text.avr-libc.fplib
                0x00000684       0xc0 c:/program files (x86)/atmel/studio/7.0/toolchain/avr8/avr8-gnu-toolchain/bin/../lib/gcc/avr/5.4.0/../../../../avr/lib/avr6\libm.a(addsf3x.o)
                0x0000069e                __addsf3x
 .text.avr-libc.fplib
                0x00000744        0xa c:/program files (x86)/atmel/studio/7.0/toolchain/avr8/avr8-gnu-toolchain/bin/../lib/gcc/avr/5.4.0/../../../../avr/lib/avr6\libm.a(fixsfsi.o)
                0x00000744                __fixsfsi
 .text.avr-libc.fplib
                0x0000074e       0x58 c:/program files (x86)/atmel/studio/7.0/toolchain/avr8/avr8-gnu-toolchain/bin/../lib/gcc/avr/5.4.0/../../../../avr/lib/avr6\libm.a(fixunssfsi.o)
                0x0000074e                __fixunssfsi
 .text.avr-libc.fplib
                0x000007a6       0x7a c:/program files (x86)/atmel/studio/7.0/toolchain/avr8/avr8-gnu-toolchain/bin/../lib/gcc/avr/5.4.0/../../../../avr/lib/avr6\libm.a(floatsisf.o)
                0x000007a6                __floatunsisf
                0x000007aa                __floatsisf
 .text.avr-libc.fplib
                0x00000820        0xc c:/program files (x86)/atmel/studio/7.0/toolchain/avr8/avr8-gnu-toolchain/bin/../lib/gcc/avr/5.4.0/../../../../avr/lib/avr6\libm.a(fp_inf.o)
                0x00000820                __fp_inf
 .text.avr-libc.fplib
                0x0000082c        0x6 c:/program files (x86)/atmel/studio/7.0/toolchain/avr8/avr8-gnu-toolchain/bin/../lib/gcc/avr/5.4.0/../../../../avr/lib/avr6\libm.a(fp_nan.o)
                0x0000082c                __fp_nan
 .text.avr-libc.fplib
                0x00000832        0xe c:/program files (x86)/atmel/studio/7.0/toolchain/avr8/avr8-gnu-toolchain/bin/../lib/gcc/avr/5.4.0/../../../../avr/lib/avr6\libm.a(fp_pscA.o)
                0x00000832                __fp_pscA
 .text.avr-libc.fplib
                0x00000840        0xe c:/program files (x86)/atmel/studio/7.0/toolchain/avr8/avr8-gnu-toolchain/bin/../lib/gcc/avr/5.4.0/../../../../avr/lib/avr6\libm.a(fp_pscB.o)
                0x00000840                __fp_pscB
 .text.avr-libc.fplib
                0x0000084e       0x22 c:/program files (x86)/atmel/studio/7.0/toolchain/avr8/avr8-gnu-toolchain/bin/../lib/gcc/avr/5.4.0/../../../../avr/lib/avr6\libm.a(fp_round.o)
                0x0000084e                __fp_round
 .text.avr-libc.fplib
                0x00000870       0x44 c:/program files (x86)/atmel/studio/7.0/toolchain/avr8/avr8-gnu-toolchain/bin/../lib/gcc/avr/5.4.0/../../../../avr/lib/avr6\libm.a(fp_split3.o)
                0x00000870                __fp_split3
                0x00000880                __fp_splitA
 .text.avr-libc.fplib
                0x000008b4        0xe c:/program files (x86)/atmel/studio/7.0/toolchain/avr8/avr8-gnu-toolchain/bin/../lib/gcc/avr/5.4.0/../../../../avr/lib/avr6\libm.a(fp_zero.o)
                0x000008b4                __fp_zero
                0x000008b6                __fp_szero
 .text.avr-libc.fplib
                0x000008c2        0x4 c:/program files (x86)/atmel/studio/7.0/toolchain/avr8/avr8-gnu-toolchain/bin/../lib/gcc/avr/5.4.0/../../../../avr/lib/avr6\libm.a(mulsf3.o)
                0x000008c2                __mulsf3
 .text.avr-libc.fplib
                0x000008c6       0xc2 c:/program files (x86)/atmel/studio/7.0/toolchain/avr8/avr8-gnu-toolchain/bin/../lib/gcc/avr/5.4.0/../../../../avr/lib/avr6\libm.a(mulsf3x.o)
                0x000008da                __mulsf3x
                0x000008de                __mulsf3_pse
 .text.avr-libc.fplib
                0x00000988        0x4 c:/program files (x86)/atmel/studio/7.0/toolchain/avr8/avr8-gnu-toolchain/bin/../lib/gcc/avr/5.4.0/../../../../avr/lib/avr6\libm.a(divsf3.o)
                0x00000988                __divsf3
 .text.avr-libc.fplib
                0x0000098c       0xcc c:/program files (x86)/atmel/studio/7.0/toolchain/avr8/avr8-gnu-toolchain/bin/../lib/gcc/avr/5.4.0/../../../../avr/lib/avr6\libm.a(divsf3x.o)
                0x000009a2                __divsf3x
                0x000009a6                __divsf3_pse
 .text.avr-libc.fplib
                0x00000a58       0x1c c:/program files (x86)/atmel/studio/7.0/toolchain/avr8/avr8-gnu-toolchain/bin/../lib/gcc/avr/5.4.0/../../../../avr/lib/avr6\libm.a(fp_mpack.o)
                0x00000a58                __fp_mpack
                0x00000a5c                __fp_mpack_finite
 .text.API_Get_Song
                0x00000a74       0x4e ../../API/Debug\libAPI.a(APILibrary.o)
                0x00000a74                API_Get_Song
 .text.API_Next_Song
                0x00000ac2       0x4e ../../API/Debug\libAPI.a(APILibrary.o)
                0x00000ac2                API_Next_Song
 .text.API_Previous_Song
                0x00000b10       0x4e ../../API/Debug\libAPI.a(APILibrary.o)
                0x00000b10                API_Previous_Song
 .text.API_Pause_Song
                0x00000b5e       0x36 ../../API/Debug\libAPI.a(APILibrary.o)
                0x00000b5e                API_Pause_Song
 .text.API_Play_Song
                0x00000b94       0x36 ../../API/Debug\libAPI.a(APILibrary.o)
                0x00000b94                API_Play_Song
 .text.API_Set_Volume
                0x00000bca       0x62 ../../API/Debug\libAPI.a(APILibrary.o)
                0x00000bca                API_Set_Volume
 .text.Json_Get_SpotifyReply
                0x00000c2c       0xb6 ../../API/Debug\libAPI.a(parser.o)
                0x00000c2c                Json_Get_SpotifyReply
 .text.getSubString
                0x00000ce2       0x92 ../../API/Debug\libAPI.a(parser.o)
                0x00000ce2                getSubString
 .text.Json_Get_Json_From_String
                0x00000d74       0x3a ../../API/Debug\libAPI.a(parser.o)
                0x00000d74                Json_Get_Json_From_String
 .text.json_target_address
                0x00000dae       0xf6 ../../API/Debug\libAPI.a(mjson.o)
 .text.json_read_object
                0x00000ea4       0x16 ../../API/Debug\libAPI.a(mjson.o)
                0x00000ea4                json_read_object
 .text.json_internal_read_object
                0x00000eba      0xdde ../../API/Debug\libAPI.a(mjson.o)
 .text.json_read_array
                0x00001c98      0x49c ../../API/Debug\libAPI.a(mjson.o)
                0x00001c98                json_read_array
 .text.Read_Response
                0x00002134      0x21e ../../ESP8266/Debug\libESP8266.a(ESP8266Library.o)
                0x00002134                Read_Response
 .text.ESP8266_Clear
                0x00002352       0x26 ../../ESP8266/Debug\libESP8266.a(ESP8266Library.o)
                0x00002352                ESP8266_Clear
 .text.Start_Read_Response
                0x00002378       0x1e ../../ESP8266/Debug\libESP8266.a(ESP8266Library.o)
                0x00002378                Start_Read_Response
 .text.WaitForExpectedResponse
                0x00002396       0x10 ../../ESP8266/Debug\libESP8266.a(ESP8266Library.o)
                0x00002396                WaitForExpectedResponse
 .text.SendATandExpectResponse
                0x000023a6       0x26 ../../ESP8266/Debug\libESP8266.a(ESP8266Library.o)
                0x000023a6                SendATandExpectResponse
 .text.ESP8266_ApplicationMode
                0x000023cc       0x68 ../../ESP8266/Debug\libESP8266.a(ESP8266Library.o)
                0x000023cc                ESP8266_ApplicationMode
 .text.ESP8266_ConnectionMode
                0x00002434       0x68 ../../ESP8266/Debug\libESP8266.a(ESP8266Library.o)
                0x00002434                ESP8266_ConnectionMode
 .text.ESP8266_Begin
                0x0000249c       0x28 ../../ESP8266/Debug\libESP8266.a(ESP8266Library.o)
                0x0000249c                ESP8266_Begin
 .text.ESP8266_WIFIMode
                0x000024c4       0x68 ../../ESP8266/Debug\libESP8266.a(ESP8266Library.o)
                0x000024c4                ESP8266_WIFIMode
 .text.ESP8266_JoinAccessPoint
                0x0000252c       0xc4 ../../ESP8266/Debug\libESP8266.a(ESP8266Library.o)
                0x0000252c                ESP8266_JoinAccessPoint
 .text.ESP8266_connected
                0x000025f0       0x5e ../../ESP8266/Debug\libESP8266.a(ESP8266Library.o)
                0x000025f0                ESP8266_connected
 .text.ESP8266_Start
                0x0000264e       0xda ../../ESP8266/Debug\libESP8266.a(ESP8266Library.o)
                0x0000264e                ESP8266_Start
 .text.ESP8266_Init
                0x00002728       0x30 ../../ESP8266/Debug\libESP8266.a(ESP8266Library.o)
                0x00002728                ESP8266_Init
 .text.ESP8266_PrepareForSend
                0x00002758       0x2a ../../ESP8266/Debug\libESP8266.a(ESP8266Library.o)
                0x00002758                ESP8266_PrepareForSend
 .text.ESP8266_Send
                0x00002782       0xa0 ../../ESP8266/Debug\libESP8266.a(ESP8266Library.o)
                0x00002782                ESP8266_Send
 .text.ESP8266_DataAvailable
                0x00002822       0x16 ../../ESP8266/Debug\libESP8266.a(ESP8266Library.o)
                0x00002822                ESP8266_DataAvailable
 .text.ESP8266_DataRead
                0x00002838       0x3c ../../ESP8266/Debug\libESP8266.a(ESP8266Library.o)
                0x00002838                ESP8266_DataRead
 .text.Read_Data
                0x00002874       0x40 ../../ESP8266/Debug\libESP8266.a(ESP8266Library.o)
                0x00002874                Read_Data
 .text.ESP8266_Get
                0x000028b4       0x5c ../../ESP8266/Debug\libESP8266.a(ESP8266Library.o)
                0x000028b4                ESP8266_Get
 .text.__vector_36
                0x00002910       0x7c ../../ESP8266/Debug\libESP8266.a(ESP8266Library.o)
                0x00002910                __vector_36
 .text.USART_Init
                0x0000298c       0x5a ../../ESP8266/Debug\libESP8266.a(USART_RS232.o)
                0x0000298c                USART_Init
 .text.USART_TxChar
                0x000029e6       0x10 ../../ESP8266/Debug\libESP8266.a(USART_RS232.o)
                0x000029e6                USART_TxChar
 .text.USART_SendString
                0x000029f6       0x1c ../../ESP8266/Debug\libESP8266.a(USART_RS232.o)
                0x000029f6                USART_SendString
 .text.InitIR   0x00002a12       0x28 ../../Infrared/Debug\libInfrared.a(IRLibrary.o)
                0x00002a12                InitIR
 .text.GetButton
                0x00002a3a       0x60 ../../Infrared/Debug\libInfrared.a(IRLibrary.o)
                0x00002a3a                GetButton
 .text.__vector_41
                0x00002a9a      0x15e ../../Infrared/Debug\libInfrared.a(IRLibrary.o)
                0x00002a9a                __vector_41
 .text.GetButtonPressed
                0x00002bf8       0x16 ../../Infrared/Debug\libInfrared.a(IRLibrary.o)
                0x00002bf8                GetButtonPressed
 .text.toggle_e
                0x00002c0e       0x14 ../../LCD/Debug\libLCD.a(LCDLibrary.o)
 .text.lcd_write
                0x00002c22       0xa2 ../../LCD/Debug\libLCD.a(LCDLibrary.o)
 .text.lcd_read
                0x00002cc4       0x8a ../../LCD/Debug\libLCD.a(LCDLibrary.o)
 .text.lcd_waitbusy
                0x00002d4e       0x12 ../../LCD/Debug\libLCD.a(LCDLibrary.o)
 .text.lcd_command
                0x00002d60       0x10 ../../LCD/Debug\libLCD.a(LCDLibrary.o)
                0x00002d60                lcd_command
 .text.lcd_gotoxy
                0x00002d70       0x10 ../../LCD/Debug\libLCD.a(LCDLibrary.o)
                0x00002d70                lcd_gotoxy
 .text.lcd_clrscr
                0x00002d80        0x6 ../../LCD/Debug\libLCD.a(LCDLibrary.o)
                0x00002d80                lcd_clrscr
 .text.lcd_putc
                0x00002d86       0x24 ../../LCD/Debug\libLCD.a(LCDLibrary.o)
                0x00002d86                lcd_putc
 .text.lcd_puts
                0x00002daa       0x1e ../../LCD/Debug\libLCD.a(LCDLibrary.o)
                0x00002daa                lcd_puts
 .text.lcd_putformat
                0x00002dc8       0x42 ../../LCD/Debug\libLCD.a(LCDLibrary.o)
                0x00002dc8                lcd_putformat
 .text.lcd_init
                0x00002e0a       0x90 ../../LCD/Debug\libLCD.a(LCDLibrary.o)
                0x00002e0a                lcd_init
 .text.avr-libc.fplib
                0x00002e9a       0x46 c:/program files (x86)/atmel/studio/7.0/toolchain/avr8/avr8-gnu-toolchain/bin/../lib/gcc/avr/5.4.0/../../../../avr/lib/avr6\libm.a(round.o)
                0x00002e9a                round
 .text.avr-libc.fplib
                0x00002ee0       0x36 c:/program files (x86)/atmel/studio/7.0/toolchain/avr8/avr8-gnu-toolchain/bin/../lib/gcc/avr/5.4.0/../../../../avr/lib/avr6\libm.a(fp_mintl.o)
                0x00002ee0                __fp_mintl
 .text.avr-libc
                0x00002f16      0x74c c:/program files (x86)/atmel/studio/7.0/toolchain/avr8/avr8-gnu-toolchain/bin/../lib/gcc/avr/5.4.0/../../../../avr/lib/avr6\libprintf_flt.a(vfprintf_flt.o)
                0x00002f16                vfprintf
 .text.avr-libc
                0x00003662      0x86e c:/program files (x86)/atmel/studio/7.0/toolchain/avr8/avr8-gnu-toolchain/bin/../lib/gcc/avr/5.4.0/../../../../avr/lib/avr6\libscanf_flt.a(vfscanf_flt.o)
                0x00003c66                vfscanf
 .text.libgcc   0x00003ed0       0x10 c:/program files (x86)/atmel/studio/7.0/toolchain/avr8/avr8-gnu-toolchain/bin/../lib/gcc/avr/5.4.0/avr6\libgcc.a(_tablejump2.o)
                0x00003ed0                __tablejump2__
 .text.avr-libc
                0x00003ee0      0x2aa c:/program files (x86)/atmel/studio/7.0/toolchain/avr8/avr8-gnu-toolchain/bin/../lib/gcc/avr/5.4.0/../../../../avr/lib/avr6\libc.a(strtod.o)
                0x00003ee0                strtod
 .text.avr-libc
                0x0000418a      0x256 c:/program files (x86)/atmel/studio/7.0/toolchain/avr8/avr8-gnu-toolchain/bin/../lib/gcc/avr/5.4.0/../../../../avr/lib/avr6\libc.a(strtol.o)
                0x0000418a                strtol
 .text.avr-libc
                0x000043e0      0x214 c:/program files (x86)/atmel/studio/7.0/toolchain/avr8/avr8-gnu-toolchain/bin/../lib/gcc/avr/5.4.0/../../../../avr/lib/avr6\libc.a(strtoul.o)
                0x000043e0                strtoul
 .text.avr-libc
                0x000045f4        0x6 c:/program files (x86)/atmel/studio/7.0/toolchain/avr8/avr8-gnu-toolchain/bin/../lib/gcc/avr/5.4.0/../../../../avr/lib/avr6\libc.a(atof.o)
                0x000045f4                atof
 .text.avr-libc
                0x000045fa       0x3a c:/program files (x86)/atmel/studio/7.0/toolchain/avr8/avr8-gnu-toolchain/bin/../lib/gcc/avr/5.4.0/../../../../avr/lib/avr6\libc.a(atoi.o)
                0x000045fa                atoi
 .text.avr-libc
                0x00004634      0x1b0 c:/program files (x86)/atmel/studio/7.0/toolchain/avr8/avr8-gnu-toolchain/bin/../lib/gcc/avr/5.4.0/../../../../avr/lib/avr6\libc.a(ftoa_engine.o)
                0x00004634                __ftoa_engine
 .text.avr-libc
                0x000047e4       0x16 c:/program files (x86)/atmel/studio/7.0/toolchain/avr8/avr8-gnu-toolchain/bin/../lib/gcc/avr/5.4.0/../../../../avr/lib/avr6\libc.a(isxdigit.o)
                0x000047e4                isxdigit
 .text.avr-libc
                0x000047fa       0x10 c:/program files (x86)/atmel/studio/7.0/toolchain/avr8/avr8-gnu-toolchain/bin/../lib/gcc/avr/5.4.0/../../../../avr/lib/avr6\libc.a(isspace.o)
                0x000047fa                isspace
 .text.avr-libc
                0x0000480a       0x10 c:/program files (x86)/atmel/studio/7.0/toolchain/avr8/avr8-gnu-toolchain/bin/../lib/gcc/avr/5.4.0/../../../../avr/lib/avr6\libc.a(tolower.o)
                0x0000480a                tolower
 .text.avr-libc
                0x0000481a       0x16 c:/program files (x86)/atmel/studio/7.0/toolchain/avr8/avr8-gnu-toolchain/bin/../lib/gcc/avr/5.4.0/../../../../avr/lib/avr6\libc.a(strchr_P.o)
                0x0000481a                strchr_P
 .text.avr-libc
                0x00004830       0x30 c:/program files (x86)/atmel/studio/7.0/toolchain/avr8/avr8-gnu-toolchain/bin/../lib/gcc/avr/5.4.0/../../../../avr/lib/avr6\libc.a(strncasecmp_P.o)
                0x00004830                strncasecmp_P
 .text.avr-libc
                0x00004860       0x16 c:/program files (x86)/atmel/studio/7.0/toolchain/avr8/avr8-gnu-toolchain/bin/../lib/gcc/avr/5.4.0/../../../../avr/lib/avr6\libc.a(strnlen_P.o)
                0x00004860                strnlen_P
 .text.avr-libc
                0x00004876       0x12 c:/program files (x86)/atmel/studio/7.0/toolchain/avr8/avr8-gnu-toolchain/bin/../lib/gcc/avr/5.4.0/../../../../avr/lib/avr6\libc.a(memcpy.o)
                0x00004876                memcpy
 .text.avr-libc
                0x00004888       0x22 c:/program files (x86)/atmel/studio/7.0/toolchain/avr8/avr8-gnu-toolchain/bin/../lib/gcc/avr/5.4.0/../../../../avr/lib/avr6\libc.a(memmove.o)
                0x00004888                memmove
 .text.avr-libc
                0x000048aa        0xe c:/program files (x86)/atmel/studio/7.0/toolchain/avr8/avr8-gnu-toolchain/bin/../lib/gcc/avr/5.4.0/../../../../avr/lib/avr6\libc.a(memset.o)
                0x000048aa                memset
 .text.avr-libc
                0x000048b8       0x16 c:/program files (x86)/atmel/studio/7.0/toolchain/avr8/avr8-gnu-toolchain/bin/../lib/gcc/avr/5.4.0/../../../../avr/lib/avr6\libc.a(strchr.o)
                0x000048b8                strchr
 .text.avr-libc
                0x000048ce       0x12 c:/program files (x86)/atmel/studio/7.0/toolchain/avr8/avr8-gnu-toolchain/bin/../lib/gcc/avr/5.4.0/../../../../avr/lib/avr6\libc.a(strcmp.o)
                0x000048ce                strcmp
 .text.avr-libc
                0x000048e0       0x1c c:/program files (x86)/atmel/studio/7.0/toolchain/avr8/avr8-gnu-toolchain/bin/../lib/gcc/avr/5.4.0/../../../../avr/lib/avr6\libc.a(strncmp.o)
                0x000048e0                strncmp
 .text.avr-libc
                0x000048fc       0x16 c:/program files (x86)/atmel/studio/7.0/toolchain/avr8/avr8-gnu-toolchain/bin/../lib/gcc/avr/5.4.0/../../../../avr/lib/avr6\libc.a(strnlen.o)
                0x000048fc                strnlen
 .text.avr-libc
                0x00004912       0x16 c:/program files (x86)/atmel/studio/7.0/toolchain/avr8/avr8-gnu-toolchain/bin/../lib/gcc/avr/5.4.0/../../../../avr/lib/avr6\libc.a(strrchr.o)
                0x00004912                strrchr
 .text.avr-libc
                0x00004928       0x34 c:/program files (x86)/atmel/studio/7.0/toolchain/avr8/avr8-gnu-toolchain/bin/../lib/gcc/avr/5.4.0/../../../../avr/lib/avr6\libc.a(strstr.o)
                0x00004928                strstr
 .text.avr-libc
                0x0000495c       0x10 c:/program files (x86)/atmel/studio/7.0/toolchain/avr8/avr8-gnu-toolchain/bin/../lib/gcc/avr/5.4.0/../../../../avr/lib/avr6\libc.a(mul10.o)
                0x0000495c                __mulhi_const_10
 .text.avr-libc
                0x0000496c       0x7c c:/program files (x86)/atmel/studio/7.0/toolchain/avr8/avr8-gnu-toolchain/bin/../lib/gcc/avr/5.4.0/../../../../avr/lib/avr6\libc.a(fgetc.o)
                0x0000496c                fgetc
 .text.avr-libc
                0x000049e8       0x78 c:/program files (x86)/atmel/studio/7.0/toolchain/avr8/avr8-gnu-toolchain/bin/../lib/gcc/avr/5.4.0/../../../../avr/lib/avr6\libc.a(fputc.o)
                0x000049e8                fputc
 .text.avr-libc
                0x00004a60       0x28 c:/program files (x86)/atmel/studio/7.0/toolchain/avr8/avr8-gnu-toolchain/bin/../lib/gcc/avr/5.4.0/../../../../avr/lib/avr6\libc.a(printf.o)
                0x00004a60                printf
 .text.avr-libc
                0x00004a88       0x60 c:/program files (x86)/atmel/studio/7.0/toolchain/avr8/avr8-gnu-toolchain/bin/../lib/gcc/avr/5.4.0/../../../../avr/lib/avr6\libc.a(puts.o)
                0x00004a88                puts
 .text.avr-libc
                0x00004ae8       0x7a c:/program files (x86)/atmel/studio/7.0/toolchain/avr8/avr8-gnu-toolchain/bin/../lib/gcc/avr/5.4.0/../../../../avr/lib/avr6\libc.a(snprintf.o)
                0x00004ae8                snprintf
 .text.avr-libc
                0x00004b62       0x5e c:/program files (x86)/atmel/studio/7.0/toolchain/avr8/avr8-gnu-toolchain/bin/../lib/gcc/avr/5.4.0/../../../../avr/lib/avr6\libc.a(sprintf.o)
                0x00004b62                sprintf
 .text.avr-libc
                0x00004bc0       0x42 c:/program files (x86)/atmel/studio/7.0/toolchain/avr8/avr8-gnu-toolchain/bin/../lib/gcc/avr/5.4.0/../../../../avr/lib/avr6\libc.a(sscanf.o)
                0x00004bc0                sscanf
 .text.avr-libc
                0x00004c02       0x52 c:/program files (x86)/atmel/studio/7.0/toolchain/avr8/avr8-gnu-toolchain/bin/../lib/gcc/avr/5.4.0/../../../../avr/lib/avr6\libc.a(vsprintf.o)
                0x00004c02                vsprintf
 .text.avr-libc
                0x00004c54       0x32 c:/program files (x86)/atmel/studio/7.0/toolchain/avr8/avr8-gnu-toolchain/bin/../lib/gcc/avr/5.4.0/../../../../avr/lib/avr6\libc.a(ungetc.o)
                0x00004c54                ungetc
 .text.avr-libc
                0x00004c86       0xbc c:/program files (x86)/atmel/studio/7.0/toolchain/avr8/avr8-gnu-toolchain/bin/../lib/gcc/avr/5.4.0/../../../../avr/lib/avr6\libc.a(ultoa_invert.o)
                0x00004c86                __ultoa_invert
 .text.avr-libc.fplib
                0x00004d42        0x8 c:/program files (x86)/atmel/studio/7.0/toolchain/avr8/avr8-gnu-toolchain/bin/../lib/gcc/avr/5.4.0/../../../../avr/lib/avr6\libc.a(cmpsf2.o)
                0x00004d42                __nesf2
                0x00004d42                __eqsf2
                0x00004d42                __cmpsf2
                0x00004d42                __ltsf2
                0x00004d42                __lesf2
 .text.avr-libc.fplib
                0x00004d4a       0x48 c:/program files (x86)/atmel/studio/7.0/toolchain/avr8/avr8-gnu-toolchain/bin/../lib/gcc/avr/5.4.0/../../../../avr/lib/avr6\libc.a(fp_cmp.o)
                0x00004d4a                __fp_cmp
 .text.avr-libc
                0x00004d92        0x6 c:/program files (x86)/atmel/studio/7.0/toolchain/avr8/avr8-gnu-toolchain/bin/../lib/gcc/avr/5.4.0/../../../../avr/lib/avr6\libc.a(cty_isfalse.o)
                0x00004d92                __ctype_isfalse
                0x00004d96                __ctype_istrue
 .text.libgcc.mul
                0x00004d98       0x1e c:/program files (x86)/atmel/studio/7.0/toolchain/avr8/avr8-gnu-toolchain/bin/../lib/gcc/avr/5.4.0/avr6\libgcc.a(_mulsi3.o)
                0x00004d98                __mulsi3
 .text.libgcc.div
                0x00004db6       0x44 c:/program files (x86)/atmel/studio/7.0/toolchain/avr8/avr8-gnu-toolchain/bin/../lib/gcc/avr/5.4.0/avr6\libgcc.a(_udivmodsi4.o)
                0x00004db6                __udivmodsi4
 .text.libgcc.mul
                0x00004dfa       0x14 c:/program files (x86)/atmel/studio/7.0/toolchain/avr8/avr8-gnu-toolchain/bin/../lib/gcc/avr/5.4.0/avr6\libgcc.a(_muluhisi3.o)
                0x00004dfa                __muluhisi3
 .text.libgcc.mul
                0x00004e0e       0x1e c:/program files (x86)/atmel/studio/7.0/toolchain/avr8/avr8-gnu-toolchain/bin/../lib/gcc/avr/5.4.0/avr6\libgcc.a(_umulhisi3.o)
                0x00004e0e                __umulhisi3
                0x00004e2c                . = ALIGN (0x2)
 *(.fini9)
 .fini9         0x00004e2c        0x0 c:/program files (x86)/atmel/studio/7.0/toolchain/avr8/avr8-gnu-toolchain/bin/../lib/gcc/avr/5.4.0/avr6\libgcc.a(_exit.o)
                0x00004e2c                _exit
                0x00004e2c                exit
 *(.fini9)
 *(.fini8)
 *(.fini8)
 *(.fini7)
 *(.fini7)
 *(.fini6)
 *(.fini6)
 *(.fini5)
 *(.fini5)
 *(.fini4)
 *(.fini4)
 *(.fini3)
 *(.fini3)
 *(.fini2)
 *(.fini2)
 *(.fini1)
 *(.fini1)
 *(.fini0)
 .fini0         0x00004e2c        0x4 c:/program files (x86)/atmel/studio/7.0/toolchain/avr8/avr8-gnu-toolchain/bin/../lib/gcc/avr/5.4.0/avr6\libgcc.a(_exit.o)
 *(.fini0)
                0x00004e30                _etext = .

.data           0x00800200      0x83c load address 0x00004e30
                0x00800200                PROVIDE (__data_start, .)
 *(.data)
 *(.data*)
 .data.isPlaying
                0x00800200        0x1 main.o
                0x00800200                isPlaying
 .data.volume   0x00800201        0x1 main.o
                0x00800201                volume
 .data.the_stdio
                0x00800202        0xe setup/stdio_setup.o
 .data.irButtonValues
                0x00800210      0x2a0 ../../Infrared/Debug\libInfrared.a(IRLibrary.o)
                0x00800210                irButtonValues
 .data.buttonPressed
                0x008004b0        0x1 ../../Infrared/Debug\libInfrared.a(IRLibrary.o)
                0x008004b0                buttonPressed
 .data.irCount  0x008004b1        0x2 ../../Infrared/Debug\libInfrared.a(IRLibrary.o)
                0x008004b1                irCount
 .data.firstPulse
                0x008004b3        0x1 ../../Infrared/Debug\libInfrared.a(IRLibrary.o)
                0x008004b3                firstPulse
 *(.gnu.linkonce.d*)
 *(.rodata)
 *(.rodata*)
 .rodata.str1.1
                0x008004b4        0x8 lib/ShowMenu.o
                                  0xf (size before relaxing)
 .rodata.str1.1
                0x008004bc       0x61 ../../API/Debug\libAPI.a(APILibrary.o)
 .rodata.str1.1
                0x0080051d       0x55 ../../API/Debug\libAPI.a(parser.o)
 .rodata.str1.1
                0x00800572      0x324 ../../API/Debug\libAPI.a(mjson.o)
                                0x327 (size before relaxing)
 .rodata.str1.1
                0x00800896      0x190 ../../ESP8266/Debug\libESP8266.a(ESP8266Library.o)
                                0x193 (size before relaxing)
 .rodata.str1.1
                0x00800a26       0x15 ../../Infrared/Debug\libInfrared.a(IRLibrary.o)
 *(.gnu.linkonce.r*)
                0x00800a3c                . = ALIGN (0x2)
 *fill*         0x00800a3b        0x1 
                0x00800a3c                _edata = .
                0x00800a3c                PROVIDE (__data_end, .)

.bss            0x00800a3c      0x233
                0x00800a3c                PROVIDE (__bss_start, .)
 *(.bss)
 *(.bss*)
 .bss.updateSong
                0x00800a3c        0x1 main.o
                0x00800a3c                updateSong
 .bss.playedSeconds
                0x00800a3d        0x2 main.o
                0x00800a3d                playedSeconds
 .bss.TimeOut   0x00800a3f        0x4 ../../ESP8266/Debug\libESP8266.a(ESP8266Library.o)
                0x00800a3f                TimeOut
 .bss.pointer   0x00800a43        0x2 ../../ESP8266/Debug\libESP8266.a(ESP8266Library.o)
                0x00800a43                pointer
 .bss.Counter   0x00800a45        0x2 ../../ESP8266/Debug\libESP8266.a(ESP8266Library.o)
                0x00800a45                Counter
 *(COMMON)
 COMMON         0x00800a47       0x6a main.o
                0x00800a47                spotifyReply
 COMMON         0x00800ab1      0x156 ../../ESP8266/Debug\libESP8266.a(ESP8266Library.o)
                0x00800ab1                RESPONSE_BUFFER
                0x00800c05                Connect_Status
                0x00800c06                Response_Status
 COMMON         0x00800c07       0x60 ../../Infrared/Debug\libInfrared.a(IRLibrary.o)
                0x00800c07                counterValues
                0x00800c47                irBits
 COMMON         0x00800c67        0x6 c:/program files (x86)/atmel/studio/7.0/toolchain/avr8/avr8-gnu-toolchain/bin/../lib/gcc/avr/5.4.0/../../../../avr/lib/avr6\libc.a(iob.o)
                0x00800c67                __iob
 COMMON         0x00800c6d        0x2 c:/program files (x86)/atmel/studio/7.0/toolchain/avr8/avr8-gnu-toolchain/bin/../lib/gcc/avr/5.4.0/../../../../avr/lib/avr6\libc.a(errno.o)
                0x00800c6d                errno
                0x00800c6f                PROVIDE (__bss_end, .)
                0x00004e30                __data_load_start = LOADADDR (.data)
                0x0000566c                __data_load_end = (__data_load_start + SIZEOF (.data))

.noinit         0x00800c6f        0x0
                [!provide]                PROVIDE (__noinit_start, .)
 *(.noinit*)
                [!provide]                PROVIDE (__noinit_end, .)
                0x00800c6f                _end = .
                [!provide]                PROVIDE (__heap_start, .)

.eeprom         0x00810000        0x0
 *(.eeprom*)
                0x00810000                __eeprom_end = .

.fuse
 *(.fuse)
 *(.lfuse)
 *(.hfuse)
 *(.efuse)

.lock
 *(.lock*)

.signature
 *(.signature*)

.user_signatures
 *(.user_signatures*)

.stab
 *(.stab)

.stabstr
 *(.stabstr)

.stab.excl
 *(.stab.excl)

.stab.exclstr
 *(.stab.exclstr)

.stab.index
 *(.stab.index)

.stab.indexstr
 *(.stab.indexstr)

.comment        0x00000000       0x5c
 *(.comment)
 .comment       0x00000000       0x30 lib/ShowMenu.o
                                 0x31 (size before relaxing)
 .comment       0x00000030       0x31 lib/song_progress_timer.o
 .comment       0x00000030       0x31 main.o
 .comment       0x00000030       0x31 setup/stdio_setup.o
 .comment       0x00000030       0x31 ../../API/Debug\libAPI.a(APILibrary.o)
 .comment       0x00000030       0x31 ../../API/Debug\libAPI.a(parser.o)
 .comment       0x00000030       0x31 ../../API/Debug\libAPI.a(mjson.o)
 .comment       0x00000030       0x31 ../../ESP8266/Debug\libESP8266.a(ESP8266Library.o)
 .comment       0x00000030       0x31 ../../ESP8266/Debug\libESP8266.a(USART_RS232.o)
 .comment       0x00000030       0x31 ../../Infrared/Debug\libInfrared.a(IRLibrary.o)
 .comment       0x00000030       0x31 ../../LCD/Debug\libLCD.a(LCDLibrary.o)
 .comment       0x00000030       0x2c c:/program files (x86)/atmel/studio/7.0/toolchain/avr8/avr8-gnu-toolchain/bin/../lib/gcc/avr/5.4.0/../../../../avr/lib/avr6\libprintf_flt.a(vfprintf_flt.o)
                                 0x2d (size before relaxing)
 .comment       0x0000005c       0x2d c:/program files (x86)/atmel/studio/7.0/toolchain/avr8/avr8-gnu-toolchain/bin/../lib/gcc/avr/5.4.0/../../../../avr/lib/avr6\libscanf_flt.a(vfscanf_flt.o)
 .comment       0x0000005c       0x31 c:/program files (x86)/atmel/studio/7.0/toolchain/avr8/avr8-gnu-toolchain/bin/../lib/gcc/avr/5.4.0/../../../../avr/lib/avr6\libc.a(strtod.o)
 .comment       0x0000005c       0x31 c:/program files (x86)/atmel/studio/7.0/toolchain/avr8/avr8-gnu-toolchain/bin/../lib/gcc/avr/5.4.0/../../../../avr/lib/avr6\libc.a(strtol.o)
 .comment       0x0000005c       0x31 c:/program files (x86)/atmel/studio/7.0/toolchain/avr8/avr8-gnu-toolchain/bin/../lib/gcc/avr/5.4.0/../../../../avr/lib/avr6\libc.a(strtoul.o)
 .comment       0x0000005c       0x31 c:/program files (x86)/atmel/studio/7.0/toolchain/avr8/avr8-gnu-toolchain/bin/../lib/gcc/avr/5.4.0/../../../../avr/lib/avr6\libc.a(fgetc.o)
 .comment       0x0000005c       0x31 c:/program files (x86)/atmel/studio/7.0/toolchain/avr8/avr8-gnu-toolchain/bin/../lib/gcc/avr/5.4.0/../../../../avr/lib/avr6\libc.a(fputc.o)
 .comment       0x0000005c       0x31 c:/program files (x86)/atmel/studio/7.0/toolchain/avr8/avr8-gnu-toolchain/bin/../lib/gcc/avr/5.4.0/../../../../avr/lib/avr6\libc.a(iob.o)
 .comment       0x0000005c       0x31 c:/program files (x86)/atmel/studio/7.0/toolchain/avr8/avr8-gnu-toolchain/bin/../lib/gcc/avr/5.4.0/../../../../avr/lib/avr6\libc.a(printf.o)
 .comment       0x0000005c       0x31 c:/program files (x86)/atmel/studio/7.0/toolchain/avr8/avr8-gnu-toolchain/bin/../lib/gcc/avr/5.4.0/../../../../avr/lib/avr6\libc.a(puts.o)
 .comment       0x0000005c       0x31 c:/program files (x86)/atmel/studio/7.0/toolchain/avr8/avr8-gnu-toolchain/bin/../lib/gcc/avr/5.4.0/../../../../avr/lib/avr6\libc.a(snprintf.o)
 .comment       0x0000005c       0x31 c:/program files (x86)/atmel/studio/7.0/toolchain/avr8/avr8-gnu-toolchain/bin/../lib/gcc/avr/5.4.0/../../../../avr/lib/avr6\libc.a(sprintf.o)
 .comment       0x0000005c       0x31 c:/program files (x86)/atmel/studio/7.0/toolchain/avr8/avr8-gnu-toolchain/bin/../lib/gcc/avr/5.4.0/../../../../avr/lib/avr6\libc.a(sscanf.o)
 .comment       0x0000005c       0x31 c:/program files (x86)/atmel/studio/7.0/toolchain/avr8/avr8-gnu-toolchain/bin/../lib/gcc/avr/5.4.0/../../../../avr/lib/avr6\libc.a(vsprintf.o)
 .comment       0x0000005c       0x31 c:/program files (x86)/atmel/studio/7.0/toolchain/avr8/avr8-gnu-toolchain/bin/../lib/gcc/avr/5.4.0/../../../../avr/lib/avr6\libc.a(ungetc.o)
 .comment       0x0000005c       0x2d c:/program files (x86)/atmel/studio/7.0/toolchain/avr8/avr8-gnu-toolchain/bin/../lib/gcc/avr/5.4.0/../../../../avr/lib/avr6\libc.a(errno.o)

.note.gnu.avr.deviceinfo
                0x00000000       0x40
 .note.gnu.avr.deviceinfo
                0x00000000       0x40 C:/Program Files (x86)/Atmel/Studio/7.0/Packs/atmel/ATmega_DFP/1.3.300/gcc/dev/atmega2560/avr6/crtatmega2560.o

.note.gnu.build-id
 *(.note.gnu.build-id)

.debug
 *(.debug)

.line
 *(.line)

.debug_srcinfo
 *(.debug_srcinfo)

.debug_sfnames
 *(.debug_sfnames)

.debug_aranges  0x00000000      0x348
 *(.debug_aranges)
 .debug_aranges
                0x00000000       0x30 lib/ShowMenu.o
 .debug_aranges
                0x00000030       0x30 lib/song_progress_timer.o
 .debug_aranges
                0x00000060       0x30 main.o
 .debug_aranges
                0x00000090       0x30 setup/stdio_setup.o
 .debug_aranges
                0x000000c0       0x48 ../../API/Debug\libAPI.a(APILibrary.o)
 .debug_aranges
                0x00000108       0x30 ../../API/Debug\libAPI.a(parser.o)
 .debug_aranges
                0x00000138       0x40 ../../API/Debug\libAPI.a(mjson.o)
 .debug_aranges
                0x00000178       0xc8 ../../ESP8266/Debug\libESP8266.a(ESP8266Library.o)
 .debug_aranges
                0x00000240       0x38 ../../ESP8266/Debug\libESP8266.a(USART_RS232.o)
 .debug_aranges
                0x00000278       0x40 ../../Infrared/Debug\libInfrared.a(IRLibrary.o)
 .debug_aranges
                0x000002b8       0x90 ../../LCD/Debug\libLCD.a(LCDLibrary.o)

.debug_pubnames
 *(.debug_pubnames)

.debug_info     0x00000000     0x49ae
 *(.debug_info .gnu.linkonce.wi.*)
 .debug_info    0x00000000      0xbbc C:/Program Files (x86)/Atmel/Studio/7.0/Packs/atmel/ATmega_DFP/1.3.300/gcc/dev/atmega2560/avr6/crtatmega2560.o
 .debug_info    0x00000bbc      0x25e lib/ShowMenu.o
 .debug_info    0x00000e1a       0xba lib/song_progress_timer.o
 .debug_info    0x00000ed4      0x455 main.o
 .debug_info    0x00001329      0x1e7 setup/stdio_setup.o
 .debug_info    0x00001510      0x437 ../../API/Debug\libAPI.a(APILibrary.o)
 .debug_info    0x00001947      0x72d ../../API/Debug\libAPI.a(parser.o)
 .debug_info    0x00002074      0xdf1 ../../API/Debug\libAPI.a(mjson.o)
 .debug_info    0x00002e65      0xe75 ../../ESP8266/Debug\libESP8266.a(ESP8266Library.o)
 .debug_info    0x00003cda      0x13e ../../ESP8266/Debug\libESP8266.a(USART_RS232.o)
 .debug_info    0x00003e18      0x31f ../../Infrared/Debug\libInfrared.a(IRLibrary.o)
 .debug_info    0x00004137      0x877 ../../LCD/Debug\libLCD.a(LCDLibrary.o)

.debug_abbrev   0x00000000     0x1cd1
 *(.debug_abbrev)
 .debug_abbrev  0x00000000      0xb1a C:/Program Files (x86)/Atmel/Studio/7.0/Packs/atmel/ATmega_DFP/1.3.300/gcc/dev/atmega2560/avr6/crtatmega2560.o
 .debug_abbrev  0x00000b1a       0xcf lib/ShowMenu.o
 .debug_abbrev  0x00000be9       0x51 lib/song_progress_timer.o
 .debug_abbrev  0x00000c3a      0x12d main.o
 .debug_abbrev  0x00000d67      0x164 setup/stdio_setup.o
 .debug_abbrev  0x00000ecb      0x104 ../../API/Debug\libAPI.a(APILibrary.o)
 .debug_abbrev  0x00000fcf      0x1a5 ../../API/Debug\libAPI.a(parser.o)
 .debug_abbrev  0x00001174      0x256 ../../API/Debug\libAPI.a(mjson.o)
 .debug_abbrev  0x000013ca      0x360 ../../ESP8266/Debug\libESP8266.a(ESP8266Library.o)
 .debug_abbrev  0x0000172a       0xf2 ../../ESP8266/Debug\libESP8266.a(USART_RS232.o)
 .debug_abbrev  0x0000181c      0x1f8 ../../Infrared/Debug\libInfrared.a(IRLibrary.o)
 .debug_abbrev  0x00001a14      0x2bd ../../LCD/Debug\libLCD.a(LCDLibrary.o)

.debug_line     0x00000000     0x2863
 *(.debug_line .debug_line.* .debug_line_end)
 .debug_line    0x00000000      0x1f9 C:/Program Files (x86)/Atmel/Studio/7.0/Packs/atmel/ATmega_DFP/1.3.300/gcc/dev/atmega2560/avr6/crtatmega2560.o
 .debug_line    0x000001f9      0x150 lib/ShowMenu.o
 .debug_line    0x00000349       0xfc lib/song_progress_timer.o
 .debug_line    0x00000445      0x2be main.o
 .debug_line    0x00000703      0x149 setup/stdio_setup.o
 .debug_line    0x0000084c      0x1a6 ../../API/Debug\libAPI.a(APILibrary.o)
 .debug_line    0x000009f2      0x241 ../../API/Debug\libAPI.a(parser.o)
 .debug_line    0x00000c33      0xba5 ../../API/Debug\libAPI.a(mjson.o)
 .debug_line    0x000017d8      0x6a5 ../../ESP8266/Debug\libESP8266.a(ESP8266Library.o)
 .debug_line    0x00001e7d      0x14e ../../ESP8266/Debug\libESP8266.a(USART_RS232.o)
 .debug_line    0x00001fcb      0x260 ../../Infrared/Debug\libInfrared.a(IRLibrary.o)
 .debug_line    0x0000222b      0x638 ../../LCD/Debug\libLCD.a(LCDLibrary.o)

.debug_frame    0x00000000      0xa94
 *(.debug_frame)
 .debug_frame   0x00000000       0xa8 lib/ShowMenu.o
 .debug_frame   0x000000a8       0x44 lib/song_progress_timer.o
 .debug_frame   0x000000ec       0x8c main.o
 .debug_frame   0x00000178       0x4c setup/stdio_setup.o
 .debug_frame   0x000001c4      0x10c ../../API/Debug\libAPI.a(APILibrary.o)
 .debug_frame   0x000002d0       0x80 ../../API/Debug\libAPI.a(parser.o)
 .debug_frame   0x00000350      0x14c ../../API/Debug\libAPI.a(mjson.o)
 .debug_frame   0x0000049c      0x354 ../../ESP8266/Debug\libESP8266.a(ESP8266Library.o)
 .debug_frame   0x000007f0       0x60 ../../ESP8266/Debug\libESP8266.a(USART_RS232.o)
 .debug_frame   0x00000850       0xe8 ../../Infrared/Debug\libInfrared.a(IRLibrary.o)
 .debug_frame   0x00000938      0x15c ../../LCD/Debug\libLCD.a(LCDLibrary.o)

.debug_str      0x00000000     0x13ae
 *(.debug_str)
 .debug_str     0x00000000      0x3e6 C:/Program Files (x86)/Atmel/Studio/7.0/Packs/atmel/ATmega_DFP/1.3.300/gcc/dev/atmega2560/avr6/crtatmega2560.o
 .debug_str     0x000003e6      0x209 lib/ShowMenu.o
                                0x25e (size before relaxing)
 .debug_str     0x000005ef       0x67 lib/song_progress_timer.o
                                0x1dc (size before relaxing)
 .debug_str     0x00000656       0xec main.o
                                0x35a (size before relaxing)
 .debug_str     0x00000742       0x62 setup/stdio_setup.o
                                0x1ea (size before relaxing)
 .debug_str     0x000007a4       0xa6 ../../API/Debug\libAPI.a(APILibrary.o)
                                0x2af (size before relaxing)
 .debug_str     0x0000084a      0x1e9 ../../API/Debug\libAPI.a(parser.o)
                                0x46f (size before relaxing)
 .debug_str     0x00000a33      0x1bb ../../API/Debug\libAPI.a(mjson.o)
                                0x536 (size before relaxing)
 .debug_str     0x00000bee      0x54b ../../ESP8266/Debug\libESP8266.a(ESP8266Library.o)
                                0x73e (size before relaxing)
 .debug_str     0x00001139       0x3c ../../ESP8266/Debug\libESP8266.a(USART_RS232.o)
                                0x1ce (size before relaxing)
 .debug_str     0x00001175       0xe1 ../../Infrared/Debug\libInfrared.a(IRLibrary.o)
                                0x292 (size before relaxing)
 .debug_str     0x00001256      0x158 ../../LCD/Debug\libLCD.a(LCDLibrary.o)
                                0x30e (size before relaxing)

.debug_loc      0x00000000     0x3581
 *(.debug_loc)
 .debug_loc     0x00000000      0x26d lib/ShowMenu.o
 .debug_loc     0x0000026d      0x169 main.o
 .debug_loc     0x000003d6       0x35 setup/stdio_setup.o
 .debug_loc     0x0000040b      0x30f ../../API/Debug\libAPI.a(APILibrary.o)
 .debug_loc     0x0000071a      0x451 ../../API/Debug\libAPI.a(parser.o)
 .debug_loc     0x00000b6b     0x11b3 ../../API/Debug\libAPI.a(mjson.o)
 .debug_loc     0x00001d1e      0xce0 ../../ESP8266/Debug\libESP8266.a(ESP8266Library.o)
 .debug_loc     0x000029fe       0xf9 ../../ESP8266/Debug\libESP8266.a(USART_RS232.o)
 .debug_loc     0x00002af7      0x383 ../../Infrared/Debug\libInfrared.a(IRLibrary.o)
 .debug_loc     0x00002e7a      0x707 ../../LCD/Debug\libLCD.a(LCDLibrary.o)

.debug_macinfo
 *(.debug_macinfo)

.debug_weaknames
 *(.debug_weaknames)

.debug_funcnames
 *(.debug_funcnames)

.debug_typenames
 *(.debug_typenames)

.debug_varnames
 *(.debug_varnames)

.debug_pubtypes
 *(.debug_pubtypes)

.debug_ranges   0x00000000      0x338
 *(.debug_ranges)
 .debug_ranges  0x00000000       0x20 lib/ShowMenu.o
 .debug_ranges  0x00000020       0x20 lib/song_progress_timer.o
 .debug_ranges  0x00000040       0x20 main.o
 .debug_ranges  0x00000060       0x20 setup/stdio_setup.o
 .debug_ranges  0x00000080       0x38 ../../API/Debug\libAPI.a(APILibrary.o)
 .debug_ranges  0x000000b8       0x20 ../../API/Debug\libAPI.a(parser.o)
 .debug_ranges  0x000000d8       0x80 ../../API/Debug\libAPI.a(mjson.o)
 .debug_ranges  0x00000158       0xd0 ../../ESP8266/Debug\libESP8266.a(ESP8266Library.o)
 .debug_ranges  0x00000228       0x28 ../../ESP8266/Debug\libESP8266.a(USART_RS232.o)
 .debug_ranges  0x00000250       0x50 ../../Infrared/Debug\libInfrared.a(IRLibrary.o)
 .debug_ranges  0x000002a0       0x98 ../../LCD/Debug\libLCD.a(LCDLibrary.o)

.debug_macro
 *(.debug_macro)
OUTPUT(Embedded3Project.elf elf32-avr)
LOAD linker stubs
